------------------------------------------------------------
TimeQuest Timing Analyzer Summary
------------------------------------------------------------

Type  : Slow 1200mV 85C Model Setup 'program_counter[20]'
Slack : -192.274
TNS   : -9313.378

Type  : Slow 1200mV 85C Model Setup 'program_counter[16]'
Slack : -3.033
TNS   : -21.101

Type  : Slow 1200mV 85C Model Setup 'clock_50mhz'
Slack : -1.495
TNS   : -17.970

Type  : Slow 1200mV 85C Model Hold 'clock_50mhz'
Slack : -0.605
TNS   : -1.481

Type  : Slow 1200mV 85C Model Hold 'program_counter[16]'
Slack : 0.329
TNS   : 0.000

Type  : Slow 1200mV 85C Model Hold 'program_counter[20]'
Slack : 0.344
TNS   : 0.000

Type  : Slow 1200mV 85C Model Minimum Pulse Width 'clock_50mhz'
Slack : -3.000
TNS   : -24.000

Type  : Slow 1200mV 85C Model Minimum Pulse Width 'program_counter[20]'
Slack : -1.000
TNS   : -146.000

Type  : Slow 1200mV 85C Model Minimum Pulse Width 'program_counter[16]'
Slack : -1.000
TNS   : -16.000

Type  : Slow 1200mV 0C Model Setup 'program_counter[20]'
Slack : -171.594
TNS   : -8295.822

Type  : Slow 1200mV 0C Model Setup 'program_counter[16]'
Slack : -2.656
TNS   : -17.506

Type  : Slow 1200mV 0C Model Setup 'clock_50mhz'
Slack : -1.191
TNS   : -13.562

Type  : Slow 1200mV 0C Model Hold 'clock_50mhz'
Slack : -0.534
TNS   : -1.324

Type  : Slow 1200mV 0C Model Hold 'program_counter[16]'
Slack : 0.291
TNS   : 0.000

Type  : Slow 1200mV 0C Model Hold 'program_counter[20]'
Slack : 0.300
TNS   : 0.000

Type  : Slow 1200mV 0C Model Minimum Pulse Width 'clock_50mhz'
Slack : -3.000
TNS   : -24.000

Type  : Slow 1200mV 0C Model Minimum Pulse Width 'program_counter[20]'
Slack : -1.000
TNS   : -146.000

Type  : Slow 1200mV 0C Model Minimum Pulse Width 'program_counter[16]'
Slack : -1.000
TNS   : -16.000

Type  : Fast 1200mV 0C Model Setup 'program_counter[20]'
Slack : -109.160
TNS   : -5279.433

Type  : Fast 1200mV 0C Model Setup 'program_counter[16]'
Slack : -1.314
TNS   : -8.198

Type  : Fast 1200mV 0C Model Setup 'clock_50mhz'
Slack : -0.422
TNS   : -2.454

Type  : Fast 1200mV 0C Model Hold 'clock_50mhz'
Slack : -0.371
TNS   : -1.001

Type  : Fast 1200mV 0C Model Hold 'program_counter[20]'
Slack : 0.180
TNS   : 0.000

Type  : Fast 1200mV 0C Model Hold 'program_counter[16]'
Slack : 0.181
TNS   : 0.000

Type  : Fast 1200mV 0C Model Minimum Pulse Width 'clock_50mhz'
Slack : -3.000
TNS   : -25.209

Type  : Fast 1200mV 0C Model Minimum Pulse Width 'program_counter[20]'
Slack : -1.000
TNS   : -146.000

Type  : Fast 1200mV 0C Model Minimum Pulse Width 'program_counter[16]'
Slack : -1.000
TNS   : -16.000

------------------------------------------------------------
