------------------------------------------------------------
TimeQuest Timing Analyzer Summary
------------------------------------------------------------

Type  : Slow 1200mV 85C Model Setup 'program_counter[20]'
Slack : -186.058
TNS   : -9149.424

Type  : Slow 1200mV 85C Model Setup 'program_counter[16]'
Slack : -3.105
TNS   : -22.223

Type  : Slow 1200mV 85C Model Setup 'clock_50mhz'
Slack : -1.491
TNS   : -17.932

Type  : Slow 1200mV 85C Model Hold 'clock_50mhz'
Slack : -0.659
TNS   : -1.751

Type  : Slow 1200mV 85C Model Hold 'program_counter[16]'
Slack : 0.283
TNS   : 0.000

Type  : Slow 1200mV 85C Model Hold 'program_counter[20]'
Slack : 0.357
TNS   : 0.000

Type  : Slow 1200mV 85C Model Minimum Pulse Width 'clock_50mhz'
Slack : -3.000
TNS   : -24.000

Type  : Slow 1200mV 85C Model Minimum Pulse Width 'program_counter[20]'
Slack : -2.484
TNS   : -181.776

Type  : Slow 1200mV 85C Model Minimum Pulse Width 'program_counter[16]'
Slack : -1.000
TNS   : -16.000

Type  : Slow 1200mV 0C Model Setup 'program_counter[20]'
Slack : -166.296
TNS   : -8154.571

Type  : Slow 1200mV 0C Model Setup 'program_counter[16]'
Slack : -2.729
TNS   : -18.417

Type  : Slow 1200mV 0C Model Setup 'clock_50mhz'
Slack : -1.189
TNS   : -13.548

Type  : Slow 1200mV 0C Model Hold 'clock_50mhz'
Slack : -0.581
TNS   : -1.559

Type  : Slow 1200mV 0C Model Hold 'program_counter[16]'
Slack : 0.256
TNS   : 0.000

Type  : Slow 1200mV 0C Model Hold 'program_counter[20]'
Slack : 0.312
TNS   : 0.000

Type  : Slow 1200mV 0C Model Minimum Pulse Width 'clock_50mhz'
Slack : -3.000
TNS   : -24.000

Type  : Slow 1200mV 0C Model Minimum Pulse Width 'program_counter[20]'
Slack : -2.484
TNS   : -181.776

Type  : Slow 1200mV 0C Model Minimum Pulse Width 'program_counter[16]'
Slack : -1.000
TNS   : -16.000

Type  : Fast 1200mV 0C Model Setup 'program_counter[20]'
Slack : -105.419
TNS   : -5167.902

Type  : Fast 1200mV 0C Model Setup 'program_counter[16]'
Slack : -1.374
TNS   : -8.398

Type  : Fast 1200mV 0C Model Setup 'clock_50mhz'
Slack : -0.419
TNS   : -2.423

Type  : Fast 1200mV 0C Model Hold 'clock_50mhz'
Slack : -0.382
TNS   : -1.056

Type  : Fast 1200mV 0C Model Hold 'program_counter[16]'
Slack : 0.149
TNS   : 0.000

Type  : Fast 1200mV 0C Model Hold 'program_counter[20]'
Slack : 0.186
TNS   : 0.000

Type  : Fast 1200mV 0C Model Minimum Pulse Width 'clock_50mhz'
Slack : -3.000
TNS   : -25.227

Type  : Fast 1200mV 0C Model Minimum Pulse Width 'program_counter[20]'
Slack : -1.000
TNS   : -161.000

Type  : Fast 1200mV 0C Model Minimum Pulse Width 'program_counter[16]'
Slack : -1.000
TNS   : -16.000

------------------------------------------------------------
